// Jest Snapshot v1, https://goo.gl/fbAQLP

exports[`<Gallery /> should show data 1`] = `
<styled.div>
  <form
    onSubmit={[Function]}
  >
    <div
      className="grid"
    >
      <div
        className="col-1"
      >
        <select
          className="select"
          onChange={[Function]}
          value="subreddit"
        >
          <option
            value="subreddit"
          >
            Subreddit
          </option>
          <option
            value="album"
          >
            Imgur album
          </option>
        </select>
      </div>
      <div
        className="col-2"
      >
        <input
          className="name"
          onChange={[Function]}
          placeholder="Subreddit name (e.g. EarthPorn)"
          type="text"
          value=""
        />
      </div>
      <div
        className="col-1"
      >
        <button
          type="submit"
        >
          fetch
        </button>
      </div>
      <div
        className="col"
      >
        Or upload your own
         
        <input
          accept="image/*"
          name="image"
          onChange={[Function]}
          type="file"
        />
      </div>
    </div>
  </form>
  <div />
  <div>
    <h2>
      Imgur images
    </h2>
    <div
      className="grid"
    >
      <img
        className="col-2"
        key="TKQPXk2"
        onClick={[Function]}
        src="https://i.imgur.com/TKQPXk2.jpg"
      />
      <img
        className="col-2"
        key="q2uohuJ"
        onClick={[Function]}
        src="https://i.imgur.com/q2uohuJ.jpg"
      />
      <img
        className="col-2"
        key="pprl8Dk"
        onClick={[Function]}
        src="https://i.imgur.com/pprl8Dk.jpg"
      />
      <img
        className="col-2"
        key="KMebpmj"
        onClick={[Function]}
        src="https://i.imgur.com/KMebpmj.jpg"
      />
      <img
        className="col-2"
        key="0XeEmtO"
        onClick={[Function]}
        src="https://i.imgur.com/0XeEmtO.jpg"
      />
      <img
        className="col-2"
        key="N170Iao"
        onClick={[Function]}
        src="https://i.imgur.com/N170Iao.jpg"
      />
      <img
        className="col-2"
        key="iCtomjC"
        onClick={[Function]}
        src="https://i.imgur.com/iCtomjC.jpg"
      />
      <img
        className="col-2"
        key="a4G2gFu"
        onClick={[Function]}
        src="https://i.imgur.com/a4G2gFu.jpg"
      />
      <img
        className="col-2"
        key="dyln4by"
        onClick={[Function]}
        src="https://i.imgur.com/dyln4by.jpg"
      />
      <img
        className="col-2"
        key="DUZVPZV"
        onClick={[Function]}
        src="https://i.imgur.com/DUZVPZV.jpg"
      />
      <img
        className="col-2"
        key="ECzq95K"
        onClick={[Function]}
        src="https://i.imgur.com/ECzq95K.jpg"
      />
    </div>
  </div>
</styled.div>
`;
