// Jest Snapshot v1, https://goo.gl/fbAQLP

exports[`<Gallery /> should show data 1`] = `
<styled.div>
  <form
    onSubmit={[Function]}
  >
    <div
      className="grid"
    >
      <div
        className="col-1"
      >
        <select
          className="select"
          onChange={[Function]}
          value="subreddit"
        >
          <option
            value="subreddit"
          >
            Subreddit
          </option>
          <option
            value="album"
          >
            Album
          </option>
        </select>
      </div>
      <div
        className="col-2"
      >
        <input
          className="name"
          onChange={[Function]}
          placeholder="Subreddit name (e.g. EarthPorn)"
          type="text"
          value=""
        />
      </div>
      <div
        className="col"
      >
        <button
          type="submit"
        >
          fetch
        </button>
      </div>
    </div>
  </form>
  <div
    className="grid"
  >
    <img
      className="col-2"
      key="TKQPXk2"
      src="https://i.imgur.com/TKQPXk2m.jpg"
    />
    <img
      className="col-2"
      key="q2uohuJ"
      src="https://i.imgur.com/q2uohuJm.jpg"
    />
    <img
      className="col-2"
      key="pprl8Dk"
      src="https://i.imgur.com/pprl8Dkm.jpg"
    />
    <img
      className="col-2"
      key="KMebpmj"
      src="https://i.imgur.com/KMebpmjm.jpg"
    />
    <img
      className="col-2"
      key="0XeEmtO"
      src="https://i.imgur.com/0XeEmtOm.jpg"
    />
    <img
      className="col-2"
      key="N170Iao"
      src="https://i.imgur.com/N170Iaom.jpg"
    />
    <img
      className="col-2"
      key="iCtomjC"
      src="https://i.imgur.com/iCtomjCm.jpg"
    />
    <img
      className="col-2"
      key="a4G2gFu"
      src="https://i.imgur.com/a4G2gFum.jpg"
    />
    <img
      className="col-2"
      key="dyln4by"
      src="https://i.imgur.com/dyln4bym.jpg"
    />
    <img
      className="col-2"
      key="DUZVPZV"
      src="https://i.imgur.com/DUZVPZVm.jpg"
    />
    <img
      className="col-2"
      key="ECzq95K"
      src="https://i.imgur.com/ECzq95Km.jpg"
    />
  </div>
</styled.div>
`;
